<area shape="rect" href="$de/d5e/a00007.html" title="Klasa zawiera dane do serializacji zapytania do serwera." alt="" coords="5,107,163,133">
<area shape="rect" href="$d4/dee/a00008.html" title="Klasa zawiera dane do serializacji wysyłania hasha pliku." alt="" coords="236,5,393,32">
<area shape="rect" href="$d7/dec/a00010.html" title="Klasa zawiera dane do serializacji odpowiedzi o ściągnięcie pliku." alt="" coords="211,56,419,83">
<area shape="rect" href="$da/d45/a00011.html" title="Klasa zawiera dane do serializacji zapytania o wysyłanie pliku." alt="" coords="231,107,399,133">
<area shape="rect" href="$df/d86/a00012.html" title="Klasa zawiera dane do serializacji zapytania o usunięcie pliku." alt="" coords="236,157,393,184">
<area shape="rect" href="$dd/d1b/a00015.html" title="Klasa zawiera dane do serializacji listy plikow uzytkownika." alt="" coords="236,208,393,235">
<area shape="rect" href="$d7/d46/a00002.html" title="Klasa zawiera dane do serializacji zapytania o sciagniecie pliku." alt="" coords="468,208,647,235">
